// Jest Snapshot v1, https://goo.gl/fbAQLP

exports[`<Home /> renders 1`] = `
<Menu__List>
  <li>
    <Link
      replace={false}
      to="/"
    >
      Home
    </Link>
  </li>
  <li>
    <Link
      replace={false}
      to="/counter"
    >
      Counter
    </Link>
  </li>
  <li>
    <Link
      replace={false}
      to="/posts"
    >
      Posts
    </Link>
  </li>
  <li>
    <Link
      replace={false}
      to="/about"
    >
      About
    </Link>
  </li>
</Menu__List>
`;
